// Jest Snapshot v1, https://goo.gl/fbAQLP

exports[`renders correctly 1`] = `
<View>
  <Text>
    Home screen
  </Text>
</View>
`;

exports[`renders the FlatList Component 1`] = `
<RCTScrollView
  data={
    Array [
      "commit1",
      "commit2",
      "commit3",
    ]
  }
  disableVirtualization={false}
  getItem={[Function]}
  getItemCount={[Function]}
  horizontal={false}
  initialNumToRender={10}
  keyExtractor={[Function]}
  maxToRenderPerBatch={10}
  onContentSizeChange={[Function]}
  onEndReachedThreshold={2}
  onLayout={[Function]}
  onMomentumScrollEnd={[Function]}
  onScroll={[Function]}
  onScrollBeginDrag={[Function]}
  onScrollEndDrag={[Function]}
  removeClippedSubviews={false}
  renderItem={[Function]}
  scrollEventThrottle={50}
  stickyHeaderIndices={Array []}
  updateCellsBatchingPeriod={50}
  viewabilityConfigCallbackPairs={Array []}
  windowSize={21}
>
  <View>
    <View
      onLayout={[Function]}
      style={null}
    >
      <Text>
        commit1
      </Text>
    </View>
    <View
      onLayout={[Function]}
      style={null}
    >
      <Text>
        commit2
      </Text>
    </View>
    <View
      onLayout={[Function]}
      style={null}
    >
      <Text>
        commit3
      </Text>
    </View>
  </View>
</RCTScrollView>
`;
